// Jest Snapshot v1, https://goo.gl/fbAQLP

exports[`Should render card component 1`] = `undefined`;
